// Jest Snapshot v1, https://goo.gl/fbAQLP

exports[`test that error messages are printed test that SignInScreen renders correctly 1`] = `
<View
  style={
    Object {
      "backgroundColor": "white",
      "display": "flex",
      "flex": 1,
      "flexDirection": "row",
      "width": "100%",
    }
  }
>
  <View
    style={
      Object {
        "alignItems": "center",
        "flex": 1,
        "justifyContent": "center",
      }
    }
  >
    <Text
      style={
        Object {
          "fontSize": 40,
          "fontWeight": "bold",
          "marginBottom": 35,
          "textAlign": "center",
        }
      }
    >
      Welcome to StudyChat!
    </Text>
    <View
      style={
        Object {
          "minWidth": 0,
          "width": "55%",
        }
      }
    >
      <View
        style={
          Object {
            "borderBottomWidth": 1,
            "flexDirection": "row",
            "marginTop": 5,
            "marginVertical": 10,
            "paddingBottom": 5,
            "paddingRight": 10,
            "paddingTop": 20,
          }
        }
      >
        <Text />
        <TextInput
          allowFontScaling={true}
          onChangeText={[Function]}
          placeholder="Email.."
          rejectResponderTermination={true}
          style={
            Object {
              "fontSize": 17,
              "overflow": "hidden",
              "paddingLeft": 15,
              "paddingRight": 15,
              "paddingVertical": 3,
              "width": "100%",
            }
          }
          testID="emailInput"
          underlineColorAndroid="transparent"
          value=""
        />
      </View>
      <View
        style={
          Object {
            "borderBottomWidth": 1,
            "flexDirection": "row",
            "marginTop": 5,
            "marginVertical": 10,
            "paddingBottom": 5,
            "paddingRight": 10,
            "paddingTop": 20,
          }
        }
      >
        <Text />
        <TextInput
          allowFontScaling={true}
          onChangeText={[Function]}
          placeholder="Password.."
          rejectResponderTermination={true}
          secureTextEntry={true}
          style={
            Object {
              "fontSize": 17,
              "overflow": "hidden",
              "paddingLeft": 15,
              "paddingRight": 15,
              "paddingVertical": 3,
              "width": "100%",
            }
          }
          testID="passwordInput"
          underlineColorAndroid="transparent"
          value=""
        />
      </View>
    </View>
    <View
      style={
        Object {
          "minWidth": 0,
          "width": "55%",
        }
      }
    >
      <View
        accessible={true}
        collapsable={false}
        focusable={true}
        onBlur={[Function]}
        onClick={[Function]}
        onFocus={[Function]}
        onResponderGrant={[Function]}
        onResponderMove={[Function]}
        onResponderRelease={[Function]}
        onResponderTerminate={[Function]}
        onResponderTerminationRequest={[Function]}
        onStartShouldSetResponder={[Function]}
        style={
          Object {
            "alignItems": "center",
            "backgroundColor": "#1e90ff",
            "borderRadius": 5,
            "marginBottom": 15,
            "marginTop": 10,
            "paddingVertical": 17,
          }
        }
        testID="signInBtn"
      >
        <Text
          style={
            Object {
              "color": "#ffffff",
              "fontSize": 15,
            }
          }
        >
          Sign in
        </Text>
      </View>
      <Text
        style={
          Object {
            "fontSize": 18,
            "marginTop": 30,
          }
        }
      >
        No account yet? 
      </Text>
      <View
        accessible={true}
        collapsable={false}
        focusable={true}
        onBlur={[Function]}
        onClick={[Function]}
        onFocus={[Function]}
        onResponderGrant={[Function]}
        onResponderMove={[Function]}
        onResponderRelease={[Function]}
        onResponderTerminate={[Function]}
        onResponderTerminationRequest={[Function]}
        onStartShouldSetResponder={[Function]}
        style={
          Object {
            "alignItems": "center",
            "backgroundColor": "#1e90ff",
            "borderRadius": 5,
            "marginBottom": 15,
            "marginTop": 10,
            "paddingVertical": 17,
          }
        }
        testID="signUpBtn"
      >
        <Text
          style={
            Object {
              "color": "#ffffff",
              "fontSize": 15,
            }
          }
        >
          Click here to create one!
        </Text>
      </View>
    </View>
  </View>
</View>
`;
